编号[336d403eb382e9bfc4043e27a0c99755]
等级: 126
圣晶石: 42
圣晶片: 78
呼符: 0
金/银/铜/青苹果: 207/11/0/1
登陆天数: 2天 / 818天
从者: {"[123]高文(Saber)★4": 1, "[6]齐格飞(Saber)★4": 2, "[126]贝德维尔(Saber)★3": 3, "[7]盖乌斯·尤利乌斯·恺撒(Saber)★3": 2, "[72]弗格斯·马克·罗伊(Saber)★3": 2, "[8]阿蒂拉(Saber)★5": 1, "[101]罗摩(Saber)★4": 2, "[9]吉尔·德·雷(Saber)★3": 5, "[165]铃鹿御前(Saber)★4": 2, "[227]兰陵王(Saber)★4": 3, "[254]伊阿宋(Saber)★1": 2, "[310]巴格斯特(Saber)★4": 1, "[12]吉尔伽美什(Archer)★5": 1, "[13]罗宾汉(Archer)★3": 4, "[63]大卫(Archer)★3": 4, "[105]比利小子(Archer)★3": 5, "[15]尤瑞艾莉(Archer)★3": 2, "[16]阿拉什(Archer)★1": 1, "[125]俵藤太(Archer)★3": 4, "[95]幼吉尔(Archer)★3": 7, "[212]拿破仑(Archer)★5": 1, "[246]威廉·退尔(Archer)★3": 4, "[255]帕里斯(Archer)★2": 2, "[17]库·丘林(Lancer)★3": 3, "[71]迪尔姆德·奥迪那(Lancer)★3": 1, "[140]弗拉德三世〔EXTRA〕(Lancer)★4": 1, "[19]武藏坊弁庆(Lancer)★2": 1, "[20]库·丘林〔Prototype〕(Lancer)★3": 3, "[21]列奥尼达一世(Lancer)★2": 1, "[22]罗穆路斯(Lancer)★3": 3, "[87]芬恩·麦克库尔(Lancer)★4": 3, "[186]宝藏院胤舜(Lancer)★3": 2, "[64]赫克托耳(Lancer)★3": 3, "[228]忠贞(Lancer)★4": 1, "[232]布拉达曼特(Lancer)★5": 1, "[256]加雷斯(Lancer)★2": 1, "[313]珀西瓦尔(Lancer)★4": 1, "[347]ドン・キホーテ(Lancer)★4": 1, "[23]美杜莎(Rider)★3": 2, "[24]乔尔乔斯(Rider)★2": 1, "[25]爱德华·蒂奇(Rider)★2": 2, "[26]布狄卡(Rider)★3": 4, "[27]牛若丸(Rider)★3": 3, "[28]亚历山大(Rider)★3": 5, "[29]玛丽·安托瓦内特(Rider)★4": 1, "[30]玛尔达(Rider)★4": 2, "[206]阿喀琉斯(Rider)★5": 1, "[231]丹驹(Rider)★3": 1, "[257]巴沙洛缪·罗伯茨(Rider)★1": 1, "[273]曼迪卡尔多(Rider)★3": 2, "[315]哈贝特洛特(Rider)★4": 1, "[31]美狄亚(Caster)★3": 2, "[32]吉尔·德·雷(Caster)★3": 1, "[33]汉斯·克里斯蒂安·安徒生(Caster)★2": 1, "[34]威廉·莎士比亚(Caster)★2": 1, "[150]梅林(Caster)★5": 2, "[79]冯·霍恩海姆·帕拉塞尔苏斯(Caster)★3": 3, "[80]查尔斯·巴贝奇(Caster)★3": 4, "[120]尼托克丽丝(Caster)★4": 1, "[35]梅菲斯托费勒斯(Caster)★3": 3, "[36]沃尔夫冈·阿马德乌斯·莫扎特(Caster)★1": 2, "[104]杰罗尼莫(Caster)★3": 2, "[145]吉尔伽美什(Caster)★4": 4, "[37]诸葛孔明〔埃尔梅罗Ⅱ世〕(Caster)★5": 1, "[203]阿维斯布隆(Caster)★3": 3, "[215]斯卡哈·斯卡蒂(Caster)★5": 1, "[258]陈宫(Caster)★2": 1, "[284]阿尔托莉雅·卡斯特(Caster)★5": 1, "[348]張角(Caster)★3": 2, "[39]佐佐木小次郎(Assassin)★1": 1, "[40]咒腕哈桑(Assassin)★2": 1, "[110]百貌哈桑(Assassin)★3": 3, "[81]亨利·杰基尔＆海德(Assassin)★3": 4, "[124]静谧哈桑(Assassin)★3": 2, "[42]匕见(Assassin)★3": 3, "[43]夏尔·亨利·桑松(Assassin)★2": 1, "[44]剧院魅影(Assassin)★2": 1, "[45]玛塔·哈丽(Assassin)★1": 3, "[117]风魔小太郎(Assassin)★3": 3, "[185]望月千代女(Assassin)★4": 2, "[259]夏洛特·科黛(Assassin)★1": 1, "[314]光之高扬斯卡娅(Assassin)★5": 1, "[49]虎狼(Berserker)★3": 18, "[82]弗兰肯斯坦(Berserker)★4": 1, "[50]斯巴达克斯(Berserker)★1": 3, "[89]贝奥武夫(Berserker)★4": 1, "[53]阿斯忒里俄斯(Berserker)★1": 1, "[54]卡利古拉(Berserker)★2": 1, "[55]大流士三世(Berserker)★3": 3, "[56]清姬(Berserker)★3": 2, "[57]血斧埃里克(Berserker)★2": 1, "[116]茨木童子(Berserker)★4": 1, "[260]莎乐美(Berserker)★2": 1, "[323]清少納言(Berserker)★4": 15, "[1]玛修·基列莱特(Shielder)★3": 1, "[158]黑森·罗伯(Avenger)★4": 2, "[204]安东尼奥·萨列里(Avenger)★3": 2, "[321]カーマ(Avenger)★5": 5, "[351]アーキタイプ：アース(MoonCancer)★5": 1}
礼装: {"[11]Azoth剑★3": 1, "[12]伪臣之书★3": 1, "[13]青之黑键★3": 1, "[14]绿之黑键★3": 1, "[15]赤之黑键★3": 1, "[16]凛的吊坠★3": 1, "[17]魔导书★3": 1, "[18]龙脉★3": 1, "[19]魔术矿石★3": 1, "[20]龙种★3": 1, "[21]钢之锻炼★4": 3, "[22]原始咒术★4": 3, "[26]宝石魔术·对影★4": 5, "[28]虚数魔术★4": 1, "[32]虚数环★5": 2, "[33]限制/零毁★5": 1, "[35]天之杯★5": 2, "[37]芦苇海★3": 1, "[38]封印指定　执行者★4": 1, "[39]抹大拉的圣骸布★4": 1, "[42]Mooncell Automaton★3": 3, "[46]符文石★3": 1, "[47]一之太刀★4": 1, "[55]扬帆远航★3": 1, "[56]指令咏唱★4": 5, "[58]另一个结局★5": 1, "[65]魔猪★3": 1, "[67]2030年的碎片★5": 2, "[72]时钟塔★3": 1, "[89]柳洞寺★3": 1, "[91]爱之灵药★3": 1, "[92]白鹳骑士★3": 1, "[93]阿兰若★3": 1, "[94]摩托·装甲骑兵★3": 1, "[95]狮子玩偶★3": 1, "[96]鲁格的光环★3": 2, "[98]千年黄金树★4": 4, "[175]理想的王圣★5": 1, "[176]记录保持者★4": 2, "[177]波涛之兽★3": 1, "[182]毒蛇一艺★4": 1, "[183]死之艺术★4": 1, "[185]月灵髓液★5": 4, "[186]情窦未开的千金★4": 1, "[187]自我束缚卷轴★3": 2, "[243]Bronze-Link Manipulators★3": 1, "[244]四枝之浅滩★3": 2, "[333]许德拉匕首★3": 2, "[245]逝去之梦★3": 1, "[246]特辣麻婆豆腐★3": 5, "[247]宝石剑泽尔里奇★3": 1, "[263]起源弹★5": 1, "[264]援护射击★4": 1, "[265]卡姆兰之战★3": 1, "[331]佛拉格拉克★3": 1, "[332]天之逆月★3": 1, "[401]私室警备员★4": 3, "[402]奇迹求道者★3": 1, "[418]固有结界★3": 2, "[419]返老还童的灵药★3": 5, "[420]谜之面具群★3": 22, "[545]自由业者★3": 1, "[580]瓦砾的圣堂★3": 3, "[581]手无寸铁慎二君★3": 1, "[582]阿特拉斯院★3": 1, "[585]幻想种★3": 4, "[674]神造兵器★3": 3, "[691]噬魂★3": 1, "[773]艳阳之下★5": 1, "[774]最后的叙述者★4": 4, "[775]睿智之光★3": 1, "[777]斗争★1": 7, "[778]连锁★1": 12, "[779]断绝★1": 8, "[780]觉醒★1": 8, "[781]饥饿★1": 10, "[782]慈爱★2": 4, "[783]繁荣★2": 9, "[784]欺瞒★2": 4, "[785]同调★2": 5, "[786]暗澹★2": 6, "[898]开演时间★3": 1, "[912]火炎伯爵★5": 1, "[913]远方的前路★4": 7, "[914]深闺丽人★3": 1, "[933]质朴之猪★3": 1, "[999]公主巡游★5": 1, "[1016]狂舞曲★4": 1, "[1094]数羊歌★3": 6, "[1131]崇高的碎片★3": 3, "[1207]黑魔术★5": 1, "[1208]韵律诗节★4": 2, "[1271]头脑风暴★4": 1, "[1272]散状花★3": 2, "[1315]恋之诅咒★5": 1, "[1316]王者的气质★4": 2, "[1317]神之舌★3": 23, "[1335]勇敢者★3": 1, "[1411]重责者孤寂于此★5": 1, "[1413]虚数属性★4": 4, "[1414]愿望之容器★4": 4, "[1415]匮乏之人★3": 19, "[1468]エンジェル・ハート★5": 9, "[1469]ピンキー・ビーチ★4": 71, "[1470]パイレーツ・オブ・ジャングル★3": 60, "[1471]トレジャー・オブ・カリビアン★5": 14, "[1472]黄金の軌跡★4": 49, "[1473]彩る海の街角で★3": 54, "[1460]读书假日★4": 1, "[1461]戈夫特制★3": 1, "[1485]冬の結晶★4": 2, "[1512]庭園の守り人★4": 1, "[1513]穂群原学園生徒会長★3": 4, "[1566]一夜の夢★5": 1, "[1568]探偵ヱドモン～最後の事件編～★4": 2, "[1569]バディ・コップ★4": 4, "[1570]月夜の邂逅★4": 4, "[1571]カルデア・エクスプレス★3": 3, "[1572]アルティメット・ハーモニー★3": 5, "[1573]カルデア不良組★3": 4, "[1574]パワーショット★3": 8, "[1578]ギャラクシー・ケラウノス★5": 1, "[1579]ドック・キュケオン★4": 1, "[1582]コスモカルデア高等学園★5": 1, "[1577]告解の惑い場★4": 1, "[1593]ちびっこ王国の冒険★5": 1, "[1608]悲願の継承★4": 1, "[1610]枯れない花★3": 1, "[1667]インスパイア★4": 3}

